// Jest Snapshot v1, https://goo.gl/fbAQLP

exports[`<NavBar /> should match the snapshot 1`] = `
.c0 {
  text-align: center;
}

<div
  class="c0"
/>
`;
